[    0.000000] Initializing cgroup subsys cpuset
[    0.000000] Initializing cgroup subsys cpu
[    0.000000] Initializing cgroup subsys cpuacct
[    0.000000] Linux version 4.4.0-210-generic (buildd@lgw01-amd64-009) (gcc version 5.4.0 20160609 (Ubuntu 5.4.0-6ubuntu1~16.04.12) ) #242-Ubuntu SMP Fri Apr 16 09:57:56 UTC 2021 (Ubuntu 4.4.0-210.242-generic 4.4.262)
[    0.000000] Command line: BOOT_IMAGE=/boot/vmlinuz-4.4.0-210-generic root=LABEL=cloudimg-rootfs ro console=tty1 console=ttyS0
[    0.000000] KERNEL supported cpus:
[    0.000000]   Intel GenuineIntel
[    0.000000]   AMD AuthenticAMD
[    0.000000]   Centaur CentaurHauls
[    0.000000] x86/fpu: xstate_offset[2]:  576, xstate_sizes[2]:  256
[    0.000000] x86/fpu: Supporting XSAVE feature 0x01: 'x87 floating point registers'
[    0.000000] x86/fpu: Supporting XSAVE feature 0x02: 'SSE registers'
[    0.000000] x86/fpu: Supporting XSAVE feature 0x04: 'AVX registers'
[    0.000000] x86/fpu: Enabled xstate features 0x7, context size is 832 bytes, using 'standard' format.
[    0.000000] e820: BIOS-provided physical RAM map:
[    0.000000] BIOS-e820: [mem 0x0000000000000000-0x000000000009fbff] usable
[    0.000000] BIOS-e820: [mem 0x000000000009fc00-0x000000000009ffff] reserved
[    0.000000] BIOS-e820: [mem 0x00000000000f0000-0x00000000000fffff] reserved
[    0.000000] BIOS-e820: [mem 0x0000000000100000-0x000000003ffeffff] usable
[    0.000000] BIOS-e820: [mem 0x000000003fff0000-0x000000003fffffff] ACPI data
[    0.000000] BIOS-e820: [mem 0x00000000fec00000-0x00000000fec00fff] reserved
[    0.000000] BIOS-e820: [mem 0x00000000fee00000-0x00000000fee00fff] reserved
[    0.000000] BIOS-e820: [mem 0x00000000fffc0000-0x00000000ffffffff] reserved
[    0.000000] NX (Execute Disable) protection: active
[    0.000000] SMBIOS 2.5 present.
[    0.000000] Hypervisor detected: KVM
[    0.000000] e820: last_pfn = 0x3fff0 max_arch_pfn = 0x400000000
[    0.000000] MTRR: Disabled
[    0.000000] x86/PAT: MTRRs disabled, skipping PAT initialization too.
[    0.000000] CPU MTRRs all blank - virtualized system.
[    0.000000] x86/PAT: Configuration [0-7]: WB  WT  UC- UC  WB  WT  UC- UC  
[    0.000000] found SMP MP-table at [mem 0x0009fff0-0x0009ffff] mapped at [ffff88000009fff0]
[    0.000000] Scanning 1 areas for low memory corruption
[    0.000000] RAMDISK: [mem 0x362de000-0x37166fff]
[    0.000000] ACPI: Early table checksum verification disabled
[    0.000000] ACPI: RSDP 0x00000000000E0000 000024 (v02 VBOX  )
[    0.000000] ACPI: XSDT 0x000000003FFF0030 00003C (v01 VBOX   VBOXXSDT 00000001 ASL  00000061)
[    0.000000] ACPI: FACP 0x000000003FFF00F0 0000F4 (v04 VBOX   VBOXFACP 00000001 ASL  00000061)
[    0.000000] ACPI: DSDT 0x000000003FFF0470 0022EA (v02 VBOX   VBOXBIOS 00000002 INTL 20180105)
[    0.000000] ACPI: FACS 0x000000003FFF0200 000040
[    0.000000] ACPI: FACS 0x000000003FFF0200 000040
[    0.000000] ACPI: APIC 0x000000003FFF0240 00005C (v02 VBOX   VBOXAPIC 00000001 ASL  00000061)
[    0.000000] ACPI: SSDT 0x000000003FFF02A0 0001CC (v01 VBOX   VBOXCPUT 00000002 INTL 20180105)
[    0.000000] No NUMA configuration found
[    0.000000] Faking a node at [mem 0x0000000000000000-0x000000003ffeffff]
[    0.000000] NODE_DATA(0) allocated [mem 0x3ffeb000-0x3ffeffff]
[    0.000000] kvm-clock: Using msrs 4b564d01 and 4b564d00
[    0.000000] kvm-clock: cpu 0, msr 0:3ffe3001, primary cpu clock
[    0.000000] kvm-clock: using sched offset of 3579719345 cycles
[    0.000000] clocksource: kvm-clock: mask: 0xffffffffffffffff max_cycles: 0x1cd42e4dffb, max_idle_ns: 881590591483 ns
[    0.000000] Zone ranges:
[    0.000000]   DMA      [mem 0x0000000000001000-0x0000000000ffffff]
[    0.000000]   DMA32    [mem 0x0000000001000000-0x000000003ffeffff]
[    0.000000]   Normal   empty
[    0.000000]   Device   empty
[    0.000000] Movable zone start for each node
[    0.000000] Early memory node ranges
[    0.000000]   node   0: [mem 0x0000000000001000-0x000000000009efff]
[    0.000000]   node   0: [mem 0x0000000000100000-0x000000003ffeffff]
[    0.000000] Initmem setup node 0 [mem 0x0000000000001000-0x000000003ffeffff]
[    0.000000] ACPI: PM-Timer IO Port: 0x4008
[    0.000000] IOAPIC[0]: apic_id 2, version 32, address 0xfec00000, GSI 0-23
[    0.000000] ACPI: INT_SRC_OVR (bus 0 bus_irq 0 global_irq 2 dfl dfl)
[    0.000000] ACPI: INT_SRC_OVR (bus 0 bus_irq 9 global_irq 9 low level)
[    0.000000] Using ACPI (MADT) for SMP configuration information
[    0.000000] smpboot: Allowing 2 CPUs, 0 hotplug CPUs
[    0.000000] PM: Registered nosave memory: [mem 0x00000000-0x00000fff]
[    0.000000] PM: Registered nosave memory: [mem 0x0009f000-0x0009ffff]
[    0.000000] PM: Registered nosave memory: [mem 0x000a0000-0x000effff]
[    0.000000] PM: Registered nosave memory: [mem 0x000f0000-0x000fffff]
[    0.000000] e820: [mem 0x40000000-0xfebfffff] available for PCI devices
[    0.000000] Booting paravirtualized kernel on KVM
[    0.000000] clocksource: refined-jiffies: mask: 0xffffffff max_cycles: 0xffffffff, max_idle_ns: 7645519600211568 ns
[    0.000000] setup_percpu: NR_CPUS:512 nr_cpumask_bits:512 nr_cpu_ids:2 nr_node_ids:1
[    0.000000] PERCPU: Embedded 33 pages/cpu @ffff88003fc00000 s95192 r8192 d31784 u1048576
[    0.000000] Built 1 zonelists in Node order, mobility grouping on.  Total pages: 257912
[    0.000000] Policy zone: DMA32
[    0.000000] Kernel command line: BOOT_IMAGE=/boot/vmlinuz-4.4.0-210-generic root=LABEL=cloudimg-rootfs ro console=tty1 console=ttyS0
[    0.000000] PID hash table entries: 4096 (order: 3, 32768 bytes)
[    0.000000] Memory: 997796K/1048120K available (8644K kernel code, 1332K rwdata, 4044K rodata, 1492K init, 1164K bss, 50324K reserved, 0K cma-reserved)
[    0.000000] SLUB: HWalign=64, Order=0-3, MinObjects=0, CPUs=2, Nodes=1
[    0.000000] Kernel/User page tables isolation: enabled
[    0.000000] Hierarchical RCU implementation.
[    0.000000] 	Build-time adjustment of leaf fanout to 64.
[    0.000000] 	RCU restricting CPUs from NR_CPUS=512 to nr_cpu_ids=2.
[    0.000000] RCU: Adjusting geometry for rcu_fanout_leaf=64, nr_cpu_ids=2
[    0.000000] NR_IRQS:33024 nr_irqs:440 16
[    0.000000] Console: colour VGA+ 80x25
[    0.000000] console [tty1] enabled
[    0.000000] console [ttyS0] enabled
[    0.000000] tsc: Detected 2591.998 MHz processor
[    0.099164] Calibrating delay loop (skipped) preset value.. 5183.99 BogoMIPS (lpj=10367992)
[    0.100439] pid_max: default: 32768 minimum: 301
[    0.101119] ACPI: Core revision 20150930
[    0.102362] ACPI: 2 ACPI AML tables successfully acquired and loaded
[    0.103286] Security Framework initialized
[    0.103861] Yama: becoming mindful.
[    0.104399] AppArmor: AppArmor initialized
[    0.105044] Dentry cache hash table entries: 131072 (order: 8, 1048576 bytes)
[    0.106554] Inode-cache hash table entries: 65536 (order: 7, 524288 bytes)
[    0.107504] Mount-cache hash table entries: 2048 (order: 2, 16384 bytes)
[    0.108380] Mountpoint-cache hash table entries: 2048 (order: 2, 16384 bytes)
[    0.109479] Initializing cgroup subsys io
[    0.110106] Initializing cgroup subsys memory
[    0.110731] Initializing cgroup subsys devices
[    0.111340] Initializing cgroup subsys freezer
[    0.112024] Initializing cgroup subsys net_cls
[    0.112632] Initializing cgroup subsys perf_event
[    0.113388] Initializing cgroup subsys net_prio
[    0.114006] Initializing cgroup subsys hugetlb
[    0.114617] Initializing cgroup subsys pids
[    0.116371] mce: CPU supports 0 MCE banks
[    0.117005] Last level iTLB entries: 4KB 64, 2MB 8, 4MB 8
[    0.117780] Last level dTLB entries: 4KB 64, 2MB 0, 4MB 0, 1GB 4
[    0.118609] Spectre V1 : Mitigation: usercopy/swapgs barriers and __user pointer sanitization
[    0.119901] Spectre V2 : Mitigation: Full generic retpoline
[    0.120667] Spectre V2 : Spectre v2 / SpectreRSB mitigation: Filling RSB on context switch
[    0.122122] Speculative Store Bypass: Vulnerable
[    0.122798] SRBDS: Unknown: Dependent on hypervisor status
[    0.123600] MDS: Mitigation: Clear CPU buffers
[    0.126305] Freeing SMP alternatives memory: 36K
[    0.131808] ftrace: allocating 32380 entries in 127 pages
[    0.182018] smpboot: APIC(0) Converting physical 0 to logical package 0
[    0.182993] smpboot: Max logical packages: 1
[    0.183773] x2apic enabled
[    0.184415] Switched APIC routing to physical x2apic.
[    0.186071] ..TIMER: vector=0x30 apic1=0 pin1=2 apic2=-1 pin2=-1
[    0.295056] smpboot: CPU0: Intel(R) Core(TM) i7-9750H CPU @ 2.60GHz (family: 0x6, model: 0x9e, stepping: 0xd)
[    0.296595] Performance Events: unsupported p6 CPU model 158 no PMU driver, software events only.
[    0.306240] KVM setup paravirtual spinlock
[    0.307425] x86: Booting SMP configuration:
[    0.308061] .... node  #0, CPUs:      #1
[    0.308755] kvm-clock: cpu 1, msr 0:3ffe3041, secondary cpu clock
[    0.310378] mce: CPU supports 0 MCE banks
[    0.312786] x86: Booted up 1 node, 2 CPUs
[    0.313579] smpboot: Total of 2 processors activated (10367.99 BogoMIPS)
[    0.314839] devtmpfs: initialized
[    0.316847] evm: security.selinux
[    0.317400] evm: security.SMACK64
[    0.317939] evm: security.SMACK64EXEC
[    0.318476] evm: security.SMACK64TRANSMUTE
[    0.319106] evm: security.SMACK64MMAP
[    0.319712] evm: security.ima
[    0.320185] evm: security.capability
[    0.320947] clocksource: jiffies: mask: 0xffffffff max_cycles: 0xffffffff, max_idle_ns: 7645041785100000 ns
[    0.322612] futex hash table entries: 512 (order: 3, 32768 bytes)
[    0.323595] pinctrl core: initialized pinctrl subsystem
[    0.324359] RTC time:  0:59:03, date: 07/21/21
[    0.325196] NET: Registered protocol family 16
[    0.335399] cpuidle: using governor ladder
[    0.347042] cpuidle: using governor menu
[    0.349274] PCCT header not found.
[    0.351399] ACPI: bus type PCI registered
[    0.353524] acpiphp: ACPI Hot Plug PCI Controller Driver version: 0.5
[    0.356753] PCI: Using configuration type 1 for base access
[    0.373996] ACPI: Added _OSI(Module Device)
[    0.376522] ACPI: Added _OSI(Processor Device)
[    0.378879] ACPI: Added _OSI(3.0 _SCP Extensions)
[    0.381435] ACPI: Added _OSI(Processor Aggregator Device)
[    0.386368] ACPI: Executed 1 blocks of module-level executable AML code
[    0.394803] ACPI: Interpreter enabled
[    0.396107] ACPI: (supports S0 S5)
[    0.397213] ACPI: Using IOAPIC for interrupt routing
[    0.398873] PCI: Using host bridge windows from ACPI; if necessary, use "pci=nocrs" and report a bug
[    0.405478] ACPI: PCI Root Bridge [PCI0] (domain 0000 [bus 00-ff])
[    0.406661] acpi PNP0A03:00: _OSC: OS supports [ASPM ClockPM Segments MSI]
[    0.408323] acpi PNP0A03:00: _OSC: not requesting OS control; OS requires [ExtendedConfig ASPM ClockPM MSI]
[    0.410271] acpi PNP0A03:00: fail to add MMCONFIG information, can't access extended PCI configuration space under this bridge.
[    0.412475] PCI host bridge to bus 0000:00
[    0.413264] pci_bus 0000:00: root bus resource [io  0x0000-0x0cf7 window]
[    0.414361] pci_bus 0000:00: root bus resource [io  0x0d00-0xffff window]
[    0.415414] pci_bus 0000:00: root bus resource [mem 0x000a0000-0x000bffff window]
[    0.416674] pci_bus 0000:00: root bus resource [mem 0x40000000-0xfdffffff window]
[    0.417940] pci_bus 0000:00: root bus resource [bus 00-ff]
[    0.420103] pci 0000:00:01.1: legacy IDE quirk: reg 0x10: [io  0x01f0-0x01f7]
[    0.421083] pci 0000:00:01.1: legacy IDE quirk: reg 0x14: [io  0x03f6]
[    0.421998] pci 0000:00:01.1: legacy IDE quirk: reg 0x18: [io  0x0170-0x0177]
[    0.429923] pci 0000:00:01.1: legacy IDE quirk: reg 0x1c: [io  0x0376]
[    0.441053] pci 0000:00:07.0: quirk: [io  0x4000-0x403f] claimed by PIIX4 ACPI
[    0.442133] pci 0000:00:07.0: quirk: [io  0x4100-0x410f] claimed by PIIX4 SMB
[    0.448903] ACPI: PCI Interrupt Link [LNKA] (IRQs 5 9 10 *11)
[    0.450249] ACPI: PCI Interrupt Link [LNKB] (IRQs 5 9 *10 11)
[    0.451302] ACPI: PCI Interrupt Link [LNKC] (IRQs 5 *9 10 11)
[    0.452367] ACPI: PCI Interrupt Link [LNKD] (IRQs 5 9 10 *11)
[    0.453537] ACPI: Enabled 2 GPEs in block 00 to 07
[    0.454553] vgaarb: setting as boot device: PCI:0000:00:02.0
[    0.455284] vgaarb: device added: PCI:0000:00:02.0,decodes=io+mem,owns=io+mem,locks=none
[    0.456550] vgaarb: loaded
[    0.457050] vgaarb: bridge control possible 0000:00:02.0
[    0.458020] SCSI subsystem initialized
[    0.458684] ACPI: bus type USB registered
[    0.459288] usbcore: registered new interface driver usbfs
[    0.460106] usbcore: registered new interface driver hub
[    0.460801] usbcore: registered new device driver usb
[    0.462378] PCI: Using ACPI for IRQ routing
[    0.463226] NetLabel: Initializing
[    0.463743] NetLabel:  domain hash size = 128
[    0.464338] NetLabel:  protocols = UNLABELED CIPSOv4
[    0.465039] NetLabel:  unlabeled traffic allowed by default
[    0.466129] amd_nb: Cannot enumerate AMD northbridges
[    0.466869] clocksource: Switched to clocksource kvm-clock
[    0.472145] AppArmor: AppArmor Filesystem Enabled
[    0.472907] pnp: PnP ACPI init
[    0.474190] pnp: PnP ACPI: found 3 devices
[    0.482580] clocksource: acpi_pm: mask: 0xffffff max_cycles: 0xffffff, max_idle_ns: 2085701024 ns
[    0.483899] NET: Registered protocol family 2
[    0.484644] TCP established hash table entries: 8192 (order: 4, 65536 bytes)
[    0.485556] TCP bind hash table entries: 8192 (order: 5, 131072 bytes)
[    0.486374] TCP: Hash tables configured (established 8192 bind 8192)
[    0.487233] UDP hash table entries: 512 (order: 2, 16384 bytes)
[    0.488036] UDP-Lite hash table entries: 512 (order: 2, 16384 bytes)
[    0.488907] NET: Registered protocol family 1
[    0.489546] pci 0000:00:00.0: Limiting direct PCI/PCI transfers
[    0.490309] pci 0000:00:01.0: Activating ISA DMA hang workarounds
[    0.491226] Unpacking initramfs...
[    0.678522] Freeing initrd memory: 14884K
[    0.679272] clocksource: tsc: mask: 0xffffffffffffffff max_cycles: 0x255cb518234, max_idle_ns: 440795279333 ns
[    0.680609] platform rtc_cmos: registered platform RTC device (no PNP device found)
[    0.681825] Scanning for low memory corruption every 60 seconds
[    0.682960] audit: initializing netlink subsys (disabled)
[    0.683778] audit: type=2000 audit(1626829148.844:1): initialized
[    0.684792] Initialise system trusted keyring
[    0.685728] HugeTLB registered 2 MB page size, pre-allocated 0 pages
[    0.687524] zbud: loaded
[    0.688369] VFS: Disk quotas dquot_6.6.0
[    0.688972] VFS: Dquot-cache hash table entries: 512 (order 0, 4096 bytes)
[    0.690134] squashfs: version 4.0 (2009/01/31) Phillip Lougher
[    0.691167] fuse init (API version 7.23)
[    0.691821] Key type big_key registered
[    0.692386] Allocating IMA MOK and blacklist keyrings.
[    0.695919] Key type asymmetric registered
[    0.697918] Asymmetric key parser 'x509' registered
[    0.700181] Block layer SCSI generic (bsg) driver version 0.4 loaded (major 249)
[    0.703244] io scheduler noop registered
[    0.704684] io scheduler deadline registered (default)
[    0.706146] io scheduler cfq registered
[    0.707450] pci_hotplug: PCI Hot Plug PCI Core version: 0.5
[    0.709025] pciehp: PCI Express Hot Plug Controller Driver version: 0.4
[    0.710664] ACPI: AC Adapter [AC] (on-line)
[    0.711769] input: Power Button as /devices/LNXSYSTM:00/LNXPWRBN:00/input/input0
[    0.713528] ACPI: Power Button [PWRF]
[    0.714504] input: Sleep Button as /devices/LNXSYSTM:00/LNXSLPBN:00/input/input1
[    0.716095] ACPI: Sleep Button [SLPF]
[    0.717712] ACPI: Battery Slot [BAT0] (battery present)
[    0.718783] GHES: HEST is not enabled!
[    0.719763] Serial: 8250/16550 driver, 32 ports, IRQ sharing enabled
[    0.741319] 00:02: ttyS0 at I/O 0x3f8 (irq = 4, base_baud = 115200) is a 16550A
[    0.743232] Linux agpgart interface v0.103
[    0.745012] loop: module loaded
[    0.746002] scsi host0: ata_piix
[    0.746696] scsi host1: ata_piix
[    0.747211] ata1: PATA max UDMA/33 cmd 0x1f0 ctl 0x3f6 bmdma 0xd000 irq 14
[    0.748146] ata2: PATA max UDMA/33 cmd 0x170 ctl 0x376 bmdma 0xd008 irq 15
[    0.749345] libphy: Fixed MDIO Bus: probed
[    0.749920] tun: Universal TUN/TAP device driver, 1.6
[    0.750577] tun: (C) 1999-2004 Max Krasnyansky <maxk@qualcomm.com>
[    0.751412] PPP generic driver version 2.4.2
[    0.752059] ehci_hcd: USB 2.0 'Enhanced' Host Controller (EHCI) Driver
[    0.752907] ehci-pci: EHCI PCI platform driver
[    0.753583] ehci-platform: EHCI generic platform driver
[    0.754279] ohci_hcd: USB 1.1 'Open' Host Controller (OHCI) Driver
[    0.755049] ohci-pci: OHCI PCI platform driver
[    0.755697] ohci-platform: OHCI generic platform driver
[    0.756383] uhci_hcd: USB Universal Host Controller Interface driver
[    0.757263] i8042: PNP: PS/2 Controller [PNP0303:PS2K,PNP0f03:PS2M] at 0x60,0x64 irq 1,12
[    0.758792] serio: i8042 KBD port at 0x60,0x64 irq 1
[    0.759487] serio: i8042 AUX port at 0x60,0x64 irq 12
[    0.760280] mousedev: PS/2 mouse device common for all mice
[    0.761516] rtc_cmos rtc_cmos: rtc core: registered rtc_cmos as rtc0
[    0.762481] rtc_cmos rtc_cmos: alarms up to one day, 114 bytes nvram
[    0.763410] i2c /dev entries driver
[    0.763992] device-mapper: uevent: version 1.0.3
[    0.764840] input: AT Translated Set 2 keyboard as /devices/platform/i8042/serio0/input/input2
[    0.766373] device-mapper: ioctl: 4.34.0-ioctl (2015-10-28) initialised: dm-devel@redhat.com
[    0.767557] ledtrig-cpu: registered to indicate activity on CPUs
[    0.768609] NET: Registered protocol family 10
[    0.769450] NET: Registered protocol family 17
[    0.770112] Key type dns_resolver registered
[    0.770854] registered taskstats version 1
[    0.771506] Loading compiled-in X.509 certificates
[    0.772592] Loaded X.509 cert 'Build time autogenerated kernel key: cf00e047681d67edb2720680708b7d9498083038'
[    0.773959] zswap: loaded using pool lzo/zbud
[    0.776179] Key type trusted registered
[    0.779636] Key type encrypted registered
[    0.780301] AppArmor: AppArmor sha1 policy hashing enabled
[    0.781115] ima: No TPM chip found, activating TPM-bypass!
[    0.781962] ima: Allocated hash algorithm: sha1
[    0.782636] evm: HMAC attrs: 0x1
[    0.783540]   Magic number: 13:24:962
[    0.784173] rtc_cmos rtc_cmos: setting system clock to 2021-07-21 00:59:04 UTC (1626829144)
[    0.785493] BIOS EDD facility v0.16 2004-Jun-25, 0 devices found
[    0.786241] EDD information not available.
[    0.908256] Freeing unused kernel memory: 1492K
[    0.909180] Write protecting the kernel read-only data: 14336k
[    0.910646] Freeing unused kernel memory: 1584K
[    0.911674] Freeing unused kernel memory: 52K
Loading, please wait...
starting version 229
[    0.926220] random: systemd-udevd: uninitialized urandom read (16 bytes read, 3 bits of entropy available)
[    0.927039] random: udevadm: uninitialized urandom read (16 bytes read, 3 bits of entropy available)
[    0.927058] random: udevadm: uninitialized urandom read (16 bytes read, 3 bits of entropy available)
[    0.931300] random: systemd-udevd: uninitialized urandom read (16 bytes read, 3 bits of entropy available)
[    0.933496] random: systemd-udevd: uninitialized urandom read (16 bytes read, 3 bits of entropy available)
[    0.934978] random: systemd-udevd: uninitialized urandom read (16 bytes read, 3 bits of entropy available)
[    0.935645] random: udevadm: uninitialized urandom read (16 bytes read, 3 bits of entropy available)
[    0.935687] random: udevadm: uninitialized urandom read (16 bytes read, 3 bits of entropy available)
[    0.935795] random: udevadm: uninitialized urandom read (16 bytes read, 3 bits of entropy available)
[    0.935833] random: udevadm: uninitialized urandom read (16 bytes read, 3 bits of entropy available)
[    0.963299] e1000: Intel(R) PRO/1000 Network Driver - version 7.3.21-k8-NAPI
[    0.964402] e1000: Copyright (c) 1999-2006 Intel Corporation.
[    0.965680] Fusion MPT base driver 3.04.20
[    0.966425] Copyright (c) 1999-2008 LSI Corporation
[    0.969674] Fusion MPT SPI Host driver 3.04.20
[    0.981358] AVX2 version of gcm_enc/dec engaged.
[    0.982291] AES CTR mode by8 optimization enabled
[    1.192006] input: ImExPS/2 Generic Explorer Mouse as /devices/platform/i8042/serio1/input/input4
[    1.440449] e1000 0000:00:03.0 eth0: (PCI:33MHz:32-bit) 02:0f:93:65:62:e0
[    1.444070] e1000 0000:00:03.0 eth0: Intel(R) PRO/1000 Network Connection
[    1.447837] mptbase: ioc0: Initiating bringup
[    1.533631] ioc0: LSI53C1030 A0: Capabilities={Initiator}
[    2.407982] scsi host2: ioc0: LSI53C1030 A0, FwRev=00000000h, Ports=1, MaxQ=256, IRQ=20
[    2.555632] scsi 2:0:0:0: Direct-Access     VBOX     HARDDISK         1.0  PQ: 0 ANSI: 5
[    2.561152] scsi target2:0:0: Beginning Domain Validation
[    2.569380] scsi target2:0:0: Domain Validation skipping write tests
[    2.574414] scsi target2:0:0: Ending Domain Validation
[    2.577987] scsi target2:0:0: asynchronous
[    2.581488] scsi 2:0:1:0: Direct-Access     VBOX     HARDDISK         1.0  PQ: 0 ANSI: 5
[    2.584892] scsi target2:0:1: Beginning Domain Validation
[    2.588694] scsi target2:0:1: Domain Validation skipping write tests
[    2.590657] scsi target2:0:1: Ending Domain Validation
[    2.592272] scsi target2:0:1: asynchronous
[    2.635580] sd 2:0:0:0: Attached scsi generic sg0 type 0
[    2.636742] sd 2:0:1:0: Attached scsi generic sg1 type 0
[    2.637961] sd 2:0:0:0: [sda] 83886080 512-byte logical blocks: (42.9 GB/40.0 GiB)
[    2.639170] sd 2:0:1:0: [sdb] 20480 512-byte logical blocks: (10.5 MB/10.0 MiB)
[    2.640362] sd 2:0:1:0: [sdb] Write Protect is off
[    2.641062] sd 2:0:0:0: [sda] Write Protect is off
[    2.641827] sd 2:0:1:0: [sdb] Incomplete mode parameter data
[    2.642583] sd 2:0:1:0: [sdb] Assuming drive cache: write through
[    2.643543] sd 2:0:0:0: [sda] Incomplete mode parameter data
[    2.644405] sd 2:0:0:0: [sda] Assuming drive cache: write through
[    2.653196]  sda: sda1
[    2.654717] sd 2:0:0:0: [sda] Attached SCSI disk
[    2.665006] sd 2:0:1:0: [sdb] Attached SCSI disk
[    2.915321] e1000 0000:00:08.0 eth1: (PCI:33MHz:32-bit) 08:00:27:4f:7e:bf
[    2.916271] e1000 0000:00:08.0 eth1: Intel(R) PRO/1000 Network Connection
[    2.917975] e1000 0000:00:08.0 enp0s8: renamed from eth1
[    2.933538] e1000 0000:00:03.0 enp0s3: renamed from eth0
Begin: Loading essential drivers ... [    4.236431] md: linear personality registered for level -1
[    4.239166] md: multipath personality registered for level -4
[    4.241593] md: raid0 personality registered for level 0
[    4.244929] md: raid1 personality registered for level 1
[    4.314927] raid6: sse2x1   gen() 11285 MB/s
[    4.382876] raid6: sse2x1   xor()  8189 MB/s
[    4.450931] raid6: sse2x2   gen() 16953 MB/s
[    4.518924] raid6: sse2x2   xor() 10914 MB/s
[    4.586949] raid6: sse2x4   gen() 18423 MB/s
[    4.654902] raid6: sse2x4   xor() 10424 MB/s
[    4.722889] raid6: avx2x1   gen() 23385 MB/s
[    4.790894] raid6: avx2x2   gen() 29000 MB/s
[    4.858894] raid6: avx2x4   gen() 34012 MB/s
[    4.859586] raid6: using algorithm avx2x4 gen() 34012 MB/s
[    4.860327] raid6: using avx2x2 recovery algorithm
[    4.862030] xor: automatically using best checksumming function:
[    4.899239]    avx       : 40674.000 MB/sec
[    4.901179] async_tx: api initialized (async)
[    4.909897] md: raid6 personality registered for level 6
[    4.910979] md: raid5 personality registered for level 5
[    4.911710] md: raid4 personality registered for level 4
[    4.917331] md: raid10 personality registered for level 10
done.
Begin: Running /scripts/init-premount ... done.
Begin: Mounting root file system ... Begin: Running /scripts/local-top ... done.
Begin: Running /scripts/local-premount ... [    4.941445] Btrfs loaded
Scanning for Btrfs filesystems
done.
Warning: fsck not present, so skipping root file system
[    5.020401] EXT4-fs (sda1): mounted filesystem with ordered data mode. Opts: (null)
done.
Begin: Running /scripts/local-bottom ... done.
Begin: Running /scripts/init-bottom ... done.
[    5.942711] systemd[1]: systemd 229 running in system mode. (+PAM +AUDIT +SELINUX +IMA +APPARMOR +SMACK +SYSVINIT +UTMP +LIBCRYPTSETUP +GCRYPT +GNUTLS +ACL +XZ -LZ4 +SECCOMP +BLKID +ELFUTILS +KMOD -IDN)
[    5.953039] systemd[1]: Detected virtualization oracle.
[    5.957881] systemd[1]: Detected architecture x86-64.
[    5.980545] random: nonblocking pool is initialized

Welcome to [1mUbuntu 16.04.7 LTS[0m!

[    6.036290] systemd[1]: Set hostname to <server-pipeline>.
[    6.953309] systemd[1]: Listening on fsck to fsckd communication Socket.
[[0;32m  OK  [0m] Listening on fsck to fsckd communication Socket.
[    6.955239] systemd[1]: Listening on Syslog Socket.
[[0;32m  OK  [0m] Listening on Syslog Socket.
[    6.956683] systemd[1]: Created slice User and Session Slice.
[[0;32m  OK  [0m] Created slice User and Session Slice.
[    6.958147] systemd[1]: Set up automount Arbitrary Executable File Formats File System Automount Point.
[[0;32m  OK  [0m] Set up automount Arbitrary Executab...ats File System Automount Point.
[    6.960356] systemd[1]: Listening on udev Kernel Socket.
[[0;32m  OK  [0m] Listening on udev Kernel Socket.
[    6.961664] systemd[1]: Listening on Device-mapper event daemon FIFOs.
[[0;32m  OK  [0m] Listening on Device-mapper event daemon FIFOs.
[    6.963171] systemd[1]: Listening on LVM2 poll daemon socket.
[[0;32m  OK  [0m] Listening on LVM2 poll daemon socket.
[    6.964600] systemd[1]: Listening on Journal Audit Socket.
[[0;32m  OK  [0m] Listening on Journal Audit Socket.
[    6.966030] systemd[1]: Listening on LVM2 metadata daemon socket.
[[0;32m  OK  [0m] Listening on LVM2 metadata daemon socket.
[    6.967380] systemd[1]: Reached target System Time Synchronized.
[[0;32m  OK  [0m] Reached target System Time Synchronized.
[    6.975051] systemd[1]: Reached target Swap.
[[0;32m  OK  [0m] Reached target Swap.
[    6.976282] systemd[1]: Started Forward Password Requests to Wall Directory Watch.
[[0;32m  OK  [0m] Started Forward Password Requests to Wall Directory Watch.
[    6.978094] systemd[1]: Started Trigger resolvconf update for networkd DNS.
[[0;32m  OK  [0m] Started Trigger resolvconf update for networkd DNS.
[    6.987062] systemd[1]: Reached target User and Group Name Lookups.
[[0;32m  OK  [0m] Reached target User and Group Name Lookups.
[    6.988764] systemd[1]: Listening on udev Control Socket.
[[0;32m  OK  [0m] Listening on udev Control Socket.
[    6.990156] systemd[1]: Reached target Encrypted Volumes.
[[0;32m  OK  [0m] Reached target Encrypted Volumes.
[    6.991512] systemd[1]: Listening on Journal Socket (/dev/log).
[[0;32m  OK  [0m] Listening on Journal Socket (/dev/log).
[    6.993146] systemd[1]: Created slice System Slice.
[[0;32m  OK  [0m] Created slice System Slice.
[    6.994404] systemd[1]: Reached target Slices.
[[0;32m  OK  [0m] Reached target Slices.
[    6.995767] systemd[1]: Created slice system-serial\x2dgetty.slice.
[[0;32m  OK  [0m] Created slice system-serial\x2dgetty.slice.
[    6.997148] systemd[1]: Listening on Journal Socket.
[[0;32m  OK  [0m] Listening on Journal Socket.
[    7.010968] systemd[1]: Starting Nameserver information manager...
         Starting Nameserver information manager...
[    7.012935] systemd[1]: Starting Uncomplicated firewall...
         Starting Uncomplicated firewall...
[    7.014767] systemd[1]: Starting Set console keymap...
         Starting Set console keymap...
[    7.016728] systemd[1]: Starting Monitoring of LVM2 mirrors, snapshots etc. using dmeventd or progress polling...
         Starting Monitoring of LVM2 mirrors... dmeventd or progress polling...
[    7.029303] systemd[1]: Mounting POSIX Message Queue File System...
         Mounting POSIX Message Queue File System...
[    7.039150] systemd[1]: Starting File System Check on Root Device...
         Starting File System Check on Root Device...
[    7.048330] systemd[1]: Starting Journal Service...
         Starting Journal Service...
[    7.054911] systemd[1]: Mounting Huge Pages File System...
         Mounting Huge Pages File System...
[    7.147239] systemd[1]: Mounting Debug File System...
         Mounting Debug File System...
[    7.157073] systemd[1]: Starting Create list of required static device nodes for the current kernel...
         Starting Create list of required st... nodes for the current kernel...
[    7.219505] systemd[1]: Starting Load Kernel Modules...
         Starting Load Kernel Modules...
[    7.226748] systemd[1]: Listening on /dev/initctl Compatibility Named Pipe.
[[0;32m  OK  [0m] Listening on /dev/initctl Compatibility Named Pipe.
[    7.240674] systemd[1]: Mounted Huge Pages File System.
[[0;32m  OK  [0m] Mounted Huge Pages File System.
[    7.244799] systemd[1]: Mounted Debug File System.
[[0;32m  OK  [0m] Mounted Debug File System.
[    7.247280] systemd[1]: Mounted POSIX Message Queue File System.
[[0;32m  OK  [0m] Mounted POSIX Message Queue File System.
[    7.252812] systemd[1]: Started Uncomplicated firewall.
[[0;32m  OK  [0m] Started Uncomplicated firewall.
[    7.256638] systemd[1]: Started Create list of required static device nodes for the current kernel.
[[0;32m  OK  [0m] Started Create list of required sta...ce nodes for the current kernel.
[    7.260566] systemd[1]: Started File System Check Daemon to report status.
[[0;32m  OK  [0m] Started File System Check Daemon to report status.
[    7.263409] systemd[1]: Starting Create Static Device Nodes in /dev...
         Starting Create Static Device Nodes in /dev...
[    7.327627] systemd[1]: Started Nameserver information manager.
[[0;32m  OK  [0m] Started Nameserver information manager.
[    7.331691] systemd[1]: Started Journal Service.
[[0;32m  OK  [0m] Started Journal Service.
[[0;32m  OK  [0m] Started Set console keymap.
[    7.401787] Loading iSCSI transport class v2.0-870.
[[0;32m  OK  [0m] Started File System Check on Root Device.
         Starting Remount Root and Kernel File Systems...
[    7.475191] iscsi: registered transport (tcp)
[    7.479206] EXT4-fs (sda1): re-mounted. Opts: (null)
[[0;32m  OK  [0m] Started Remount Root and Kernel File Systems.
         Starting udev Coldplug all Devices...
         Starting Flush Journal to Persistent Storage...
         Starting Load/Save Random Seed...
[[0;32m  OK  [0m] Started LVM2 metadata daemon.
[[0;32m  OK  [0m] Started Load/Save Random Seed.
[[0;32m  OK  [0m] Started udev Coldplug all Devices.
[    7.636697] systemd-journald[383]: Received request to flush runtime journal from PID 1
[[0;32m  OK  [0m] Started Flush Journal to Persistent Storage.
[[0;32m  OK  [0m] Started Create Static Device Nodes in /dev.
[    7.730108] iscsi: registered transport (iser)
         Starting udev Kernel Device Manager...
[[0;32m  OK  [0m] Started Load Kernel Modules.
         Starting Apply Kernel Variables...
         Mounting FUSE Control File System...
[[0;32m  OK  [0m] Mounted FUSE Control File System.
[[0;32m  OK  [0m] Started Apply Kernel Variables.
[[0;32m  OK  [0m] Started udev Kernel Device Manager.
[[0;32m  OK  [0m] Started Dispatch Password Requests to Console Directory Watch.
[[0;32m  OK  [0m] Found device /dev/ttyS0.
[[0;32m  OK  [0m] Listening on Load/Save RF Kill Switch Status /dev/rfkill Watch.
[[0;32m  OK  [0m] Started Monitoring of LVM2 mirrors,...ng dmeventd or progress polling.
[[0;32m  OK  [0m] Reached target Local File Systems (Pre).
[[0;32m  OK  [0m] Reached target Local File Systems.
         Starting LSB: AppArmor initialization...
         Starting Initial cloud-init job (pre-networking)...
         Starting Tell Plymouth To Write Out Runtime Data...
         Starting Create Volatile Files and Directories...
         Starting Set console font and keymap...
[[0;32m  OK  [0m] Started Tell Plymouth To Write Out Runtime Data.
[[0;32m  OK  [0m] Found device 82540EM Gigabit Ethern...r (PRO/1000 MT Desktop Adapter).
[[0;32m  OK  [0m] Found device 82540EM Gigabit Ethern...r (PRO/1000 MT Desktop Adapter).
[[0;32m  OK  [0m] Started Create Volatile Files and Directories.
         Starting Update UTMP about System Boot/Shutdown...
[[0;32m  OK  [0m] Started Update UTMP about System Boot/Shutdown.
[[0;32m  OK  [0m] Started Set console font and keymap.
[[0;32m  OK  [0m] Created slice system-getty.slice.
[[0;32m  OK  [0m] Started LSB: AppArmor initialization.
         Starting Load AppArmor profiles managed internally by snapd...
[[0;32m  OK  [0m] Started Load AppArmor profiles managed internally by snapd.
[   12.218771] cloud-init[604]: Cloud-init v. 21.1-19-gbad84ad4-0ubuntu1~16.04.2 running 'init-local' at Wed, 21 Jul 2021 00:59:15 +0000. Up 11.71 seconds.
[[0;32m  OK  [0m] Started Initial cloud-init job (pre-networking).
[[0;32m  OK  [0m] Reached target Network (Pre).
         Starting Raise network interfaces...
[[0;32m  OK  [0m] Started ifup for enp0s3.
[[0;32m  OK  [0m] Started ifup for enp0s8.
[[0;32m  OK  [0m] Started Raise network interfaces.
         Starting Initial cloud-init job (metadata service crawler)...
[[0;32m  OK  [0m] Reached target Network.
[   13.233397] cloud-init[1081]: Cloud-init v. 21.1-19-gbad84ad4-0ubuntu1~16.04.2 running 'init' at Wed, 21 Jul 2021 00:59:16 +0000. Up 12.84 seconds.
[   13.236638] cloud-init[1081]: ci-info: ++++++++++++++++++++++++++++++++++++++Net device info+++++++++++++++++++++++++++++++++++++++
[   13.239835] cloud-init[1081]: ci-info: +--------+------+-----------------------------+---------------+--------+-------------------+
[   13.242440] cloud-init[1081]: ci-info: | Device |  Up  |           Address           |      Mask     | Scope  |     Hw-Address    |
[   13.244899] cloud-init[1081]: ci-info: +--------+------+-----------------------------+---------------+--------+-------------------+
[   13.258471] cloud-init[1081]: ci-info: | enp0s3 | True |          10.0.2.15          | 255.255.255.0 | global | 02:0f:93:65:62:e0 |
[   13.268380] cloud-init[1081]: ci-info: | enp0s3 | True |  fe80::f:93ff:fe65:62e0/64  |       .       |  link  | 02:0f:93:65:62:e0 |
[   13.269466] cloud-init[1081]: ci-info: | enp0s8 | True |         192.168.5.11        | 255.255.255.0 | global | 08:00:27:4f:7e:bf |
[   13.270480] cloud-init[1081]: ci-info: | enp0s8 | True | fe80::a00:27ff:fe4f:7ebf/64 |       .       |  link  | 08:00:27:4f:7e:bf |
[   13.271628] cloud-init[1081]: ci-info: |   lo   | True |          127.0.0.1          |   255.0.0.0   |  host  |         .         |
[   13.272404] cloud-init[1081]: ci-info: |   lo   | True |           ::1/128           |       .       |  host  |         .         |
[   13.273606] cloud-init[1081]: ci-info: +--------+------+-----------------------------+---------------+--------+-------------------+
[   13.274805] cloud-init[1081]: ci-info: +++++++++++++++++++++++++++Route IPv4 info++++++++++++++++++++++++++++
[   13.275684] cloud-init[1081]: ci-info: +-------+-------------+----------+---------------+-----------+-------+
[   13.276735] cloud-init[1081]: ci-info: | Route | Destination | Gateway  |    Genmask    | Interface | Flags |
[   13.277702] cloud-init[1081]: ci-info: +-------+-------------+----------+---------------+-----------+-------+
[   13.278811] cloud-init[1081]: ci-info: |   0   |   0.0.0.0   | 10.0.2.2 |    0.0.0.0    |   enp0s3  |   UG  |
[   13.279845] cloud-init[1081]: ci-info: |   1   |   10.0.2.0  | 0.0.0.0  | 255.255.255.0 |   enp0s3  |   U   |
[   13.280888] cloud-init[1081]: ci-info: |   2   | 192.168.5.0 | 0.0.0.0  | 255.255.255.0 |   enp0s8  |   U   |
[   13.281862] cloud-init[1081]: ci-info: +-------+-------------+----------+---------------+-----------+-------+
[   13.282997] cloud-init[1081]: ci-info: +++++++++++++++++++Route IPv6 info+++++++++++++++++++
[   13.284188] cloud-init[1081]: ci-info: +-------+-------------+---------+-----------+-------+
[   13.285391] cloud-init[1081]: ci-info: | Route | Destination | Gateway | Interface | Flags |
[   13.286609] cloud-init[1081]: ci-info: +-------+-------------+---------+-----------+-------+
[   13.287696] cloud-init[1081]: ci-info: |   0   |  fe80::/64  |    ::   |   enp0s8  |   U   |
[   13.288625] cloud-init[1081]: ci-info: |   1   |  fe80::/64  |    ::   |   enp0s3  |   U   |
[   13.289512] cloud-init[1081]: ci-info: |   4   |   ff00::/8  |    ::   |   enp0s8  |   U   |
[   13.290415] cloud-init[1081]: ci-info: |   5   |   ff00::/8  |    ::   |   enp0s3  |   U   |
[   13.291326] cloud-init[1081]: ci-info: +-------+-------------+---------+-----------+-------+
[[0;32m  OK  [0m] Started Initial cloud-init job (metadata service crawler).
[[0;32m  OK  [0m] Reached target Cloud-config availability.
[[0;32m  OK  [0m] Reached target System Initialization.
[[0;32m  OK  [0m] Listening on D-Bus System Message Bus Socket.
[[0;32m  OK  [0m] Started Message of the Day.
         Starting LXD - unix socket.
[[0;32m  OK  [0m] Started ACPI Events Check.
[[0;32m  OK  [0m] Reached target Paths.
[[0;32m  OK  [0m] Started Daily apt download activities.
[[0;32m  OK  [0m] Started Daily Cleanup of Temporary Directories.
[[0;32m  OK  [0m] Listening on ACPID Listen Socket.
         Starting Socket activation for snappy daemon.
[[0;32m  OK  [0m] Started Daily apt upgrade and clean activities.
[[0;32m  OK  [0m] Started Ubuntu Advantage update messaging.
[[0;32m  OK  [0m] Reached target Timers.
[[0;32m  OK  [0m] Listening on UUID daemon activation socket.
[[0;32m  OK  [0m] Reached target Network is Online.
         Starting iSCSI initiator daemon (iscsid)...
[[0;32m  OK  [0m] Listening on LXD - unix socket.
[[0;32m  OK  [0m] Listening on Socket activation for snappy daemon.
[[0;32m  OK  [0m] Reached target Sockets.
[[0;32m  OK  [0m] Reached target Basic System.
         Starting Virtualbox guest utils...
         Starting /etc/rc.local Compatibility...
[[0;32m  OK  [0m] Started ACPI event daemon.
[[0;32m  OK  [0m] Started Deferred execution scheduler.
[[0;32m  OK  [0m] Started D-Bus System Message Bus.
[[0;32m  OK  [0m] Started Regular background program processing daemon.
         Starting Login Service...
[[0;32m  OK  [0m] Started FUSE filesystem for LXC.
         Starting LSB: MD monitoring daemon...
         Starting Accounts Service...
         Starting System Logging Service...
         Starting LXD - container startup/shutdown...
         Starting Snap Daemon...
         Starting LSB: Record successful boot for GRUB...
         Starting OpenBSD Secure Shell server...
[[0;32m  OK  [0m] Started /etc/rc.local Compatibility.
[[0;32m  OK  [0m] Started Login Service.
[[0;32m  OK  [0m] Started Unattended Upgrades Shutdown.
[[0;32m  OK  [0m] Started LSB: MD monitoring daemon.
[[0;32m  OK  [0m] Started iSCSI initiator daemon (iscsid).
         Starting Login to default iSCSI targets...
[[0;32m  OK  [0m] Started LSB: Record successful boot for GRUB.
[[0;32m  OK  [0m] Started Login to default iSCSI targets.
[[0;32m  OK  [0m] Reached target Remote File Systems (Pre).
[[0;32m  OK  [0m] Reached target Remote File Systems.
         Starting LSB: daemon to balance interrupts for SMP systems...
         Starting Permit User Sessions...
         Starting LSB: automatic crash report generation...
         Starting LSB: Set the CPU Frequency Scaling governor to "ondemand"...
[[0;32m  OK  [0m] Started System Logging Service.
[[0;32m  OK  [0m] Started LSB: Set the CPU Frequency Scaling governor to "ondemand".
[[0;32m  OK  [0m] Started LSB: daemon to balance interrupts for SMP systems.
         Starting Authenticate and Authorize Users to Run Privileged Tasks...
[[0;32m  OK  [0m] Started Permit User Sessions.
         Starting Terminate Plymouth Boot Screen...
         Starting Hold until boot process finishes up...
[[0;32m  OK  [0m] Started Hold until boot process finishes up.
[[0;32m  OK  [0m] Started Getty on tty1.
         Starting Set console scheme...
[[0;32m  OK  [0m] Started Serial Getty on ttyS0.
[[0;32m  OK  [0m] Reached target Login Prompts.
[[0;32m  OK  [0m] Started Terminate Plymouth Boot Screen.
[[0;32m  OK  [0m] Started Set console scheme.
[[0;32m  OK  [0m] Started Virtualbox guest utils.
[[0;32m  OK  [0m] Started LSB: automatic crash report generation.
[[0;32m  OK  [0m] Started Authenticate and Authorize Users to Run Privileged Tasks.
[[0;32m  OK  [0m] Started Accounts Service.
[[0;32m  OK  [0m] Started OpenBSD Secure Shell server.
[[0;32m  OK  [0m] Started LXD - container startup/shutdown.
[[0;32m  OK  [0m] Started Snap Daemon.
         Starting Wait until snapd is fully seeded...
[[0;32m  OK  [0m] Started Wait until snapd is fully seeded.
[[0;32m  OK  [0m] Reached target Multi-User System.
[[0;32m  OK  [0m] Reached target Graphical Interface.
         Starting Update UTMP about System Runlevel Changes...
         Starting Apply the settings specified in cloud-config...
[[0;32m  OK  [0m] Started Update UTMP about System Runlevel Changes.
[   17.427287] cloud-init[1331]: Cloud-init v. 21.1-19-gbad84ad4-0ubuntu1~16.04.2 running 'modules:config' at Wed, 21 Jul 2021 00:59:21 +0000. Up 17.25 seconds.
[[0;32m  OK  [0m] Started Apply the settings specified in cloud-config.
         Starting Execute cloud user/final scripts...
[   17.792708] cloud-init[1340]: Cloud-init v. 21.1-19-gbad84ad4-0ubuntu1~16.04.2 running 'modules:final' at Wed, 21 Jul 2021 00:59:21 +0000. Up 17.66 seconds.
[   17.794416] cloud-init[1340]: Cloud-init v. 21.1-19-gbad84ad4-0ubuntu1~16.04.2 finished at Wed, 21 Jul 2021 00:59:21 +0000. Datasource DataSourceNoCloud [seed=/dev/sdb][dsmode=net].  Up 17.78 seconds
[[0;32m  OK  [0m] Started Execute cloud user/final scripts.
[[0;32m  OK  [0m] Reached target Cloud-init target.

Ubuntu 16.04.7 LTS server-pipeline ttyS0

server-pipeline login: [[0;32m  OK  [0m] Stopped target Cloud-init target.
[[0;32m  OK  [0m] Closed Load/Save RF Kill Switch Status /dev/rfkill Watch.
[[0;32m  OK  [0m] Stopped target Timers.
         Stopping Session 2 of user vagrant.
[[0;32m  OK  [0m] Stopped Message of the Day.
         Stopping ACPI event daemon...
[[0;32m  OK  [0m] Stopped Ubuntu Advantage update messaging.
[[0;32m  OK  [0m] Stopped Daily Cleanup of Temporary Directories.
[[0;32m  OK  [0m] Stopped Execute cloud user/final scripts.
[[0;32m  OK  [0m] Stopped Apply the settings specified in cloud-config.
[[0;32m  OK  [0m] Stopped target Cloud-config availability.
[[0;32m  OK  [0m] Stopped target Graphical Interface.
[[0;32m  OK  [0m] Stopped target Multi-User System.
         Stopping LXD - container startup/shutdown...
         Stopping System Logging Service...
         Stopping LSB: Record successful boot for GRUB...
         Stopping LSB: automatic crash report generation...
[[0;32m  OK  [0m] Stopped Wait until snapd is fully seeded.
         Stopping Unattended Upgrades Shutdown...
         Stopping OpenBSD Secure Shell server...
         Stopping Regular background program processing daemon...
         Stopping D-Bus System Message Bus...
         Stopping LSB: MD monitoring daemon...
         Stopping LSB: Set the CPU Frequency Scaling governor to "ondemand"...
         Stopping Accounts Service...
[[0;32m  OK  [0m] Stopped target Login Prompts.
         Stopping Getty on tty1...
         Stopping Serial Getty on ttyS0...
         Stopping User Manager for UID 1000...
         Stopping Authenticate and Authorize Users to Run Privileged Tasks...
         Stopping Deferred execution scheduler...
         Stopping LSB: daemon to balance interrupts for SMP systems...
[[0;32m  OK  [0m] Stopped Daily apt upgrade and clean activities.
         Stopping FUSE filesystem for LXC...
         Stopping Virtualbox guest utils...
[[0;32m  OK  [0m] Stopped Daily apt download activities.
[[0;32m  OK  [0m] Stopped target System Time Synchronized.
[[0;32m  OK  [0m] Unmounted /var/lib/lxcfs.
[[0;32m  OK  [0m] Stopped Deferred execution scheduler.
[[0;32m  OK  [0m] Stopped Regular background program processing daemon.
[[0;32m  OK  [0m] Stopped ACPI event daemon.
[[0;32m  OK  [0m] Stopped Accounts Service.
[[0;32m  OK  [0m] Stopped System Logging Service.
[[0;32m  OK  [0m] Stopped Unattended Upgrades Shutdown.
[[0;32m  OK  [0m] Stopped Authenticate and Authorize Users to Run Privileged Tasks.
[[0;32m  OK  [0m] Stopped Getty on tty1.
[[0;32m  OK  [0m] Stopped Serial Getty on ttyS0.
[[0;32m  OK  [0m] Stopped OpenBSD Secure Shell server.
[[0;32m  OK  [0m] Stopped User Manager for UID 1000.
[[0;32m  OK  [0m] Stopped Session 2 of user vagrant.
[[0;32m  OK  [0m] Stopped D-Bus System Message Bus.
[[0;32m  OK  [0m] Stopped FUSE filesystem for LXC.
[[0;32m  OK  [0m] Stopped LXD - container startup/shutdown.
[[0;32m  OK  [0m] Stopped LSB: automatic crash report generation.
[[0;32m  OK  [0m] Stopped LSB: MD monitoring daemon.
[[0;32m  OK  [0m] Stopped LSB: Set the CPU Frequency Scaling governor to "ondemand".
[[0;32m  OK  [0m] Removed slice User Slice of vagrant.
[[0;32m  OK  [0m] Removed slice system-serial\x2dgetty.slice.
         Stopping Permit User Sessions...
[[0;32m  OK  [0m] Removed slice system-getty.slice.
[[0;32m  OK  [0m] Stopped /etc/rc.local Compatibility.
         Stopping Login Service...
[[0;32m  OK  [0m] Stopped LSB: Record successful boot for GRUB.
[[0;32m  OK  [0m] Stopped LSB: daemon to balance interrupts for SMP systems.
[[0;32m  OK  [0m] Stopped Virtualbox guest utils.
[[0;32m  OK  [0m] Stopped Permit User Sessions.
[[0;32m  OK  [0m] Stopped target Remote File Systems.
[[0;32m  OK  [0m] Stopped target Remote File Systems (Pre).
         Stopping Login to default iSCSI targets...
[[0;32m  OK  [0m] Stopped Login Service.
[[0;32m  OK  [0m] Stopped target Basic System.
[[0;32m  OK  [0m] Stopped target Slices.
[[0;32m  OK  [0m] Removed slice User and Session Slice.
[[0;32m  OK  [0m] Stopped target Paths.
[[0;32m  OK  [0m] Stopped Forward Password Requests to Wall Directory Watch.
[[0;32m  OK  [0m] Stopped ACPI Events Check.
[[0;32m  OK  [0m] Stopped Dispatch Password Requests to Console Directory Watch.
[[0;32m  OK  [0m] Stopped target Sockets.
[[0;32m  OK  [0m] Closed LXD - unix socket.
[[0;32m  OK  [0m] Closed ACPID Listen Socket.
[[0;32m  OK  [0m] Closed Syslog Socket.
[[0;32m  OK  [0m] Closed Socket activation for snappy daemon.
[[0;32m  OK  [0m] Closed UUID daemon activation socket.
[[0;32m  OK  [0m] Closed D-Bus System Message Bus Socket.
[[0;32m  OK  [0m] Stopped target System Initialization.
[[0;32m  OK  [0m] Stopped target Encrypted Volumes.
         Stopping Update UTMP about System Boot/Shutdown...
[[0;32m  OK  [0m] Stopped target Swap.
         Stopping Load/Save Random Seed...
[[0;32m  OK  [0m] Stopped target User and Group Name Lookups.
[[0;32m  OK  [0m] Stopped Load/Save Random Seed.
[[0;32m  OK  [0m] Stopped Update UTMP about System Boot/Shutdown.
[[0;32m  OK  [0m] Stopped Create Volatile Files and Directories.
[[0;32m  OK  [0m] Stopped Login to default iSCSI targets.
         Stopping iSCSI initiator daemon (iscsid)...
[[0;32m  OK  [0m] Stopped iSCSI initiator daemon (iscsid).
[[0;32m  OK  [0m] Stopped target Network is Online.
[[0;32m  OK  [0m] Stopped Initial cloud-init job (metadata service crawler).
[[0;32m  OK  [0m] Stopped target Network.
         Stopping Raise network interfaces...
[[0;32m  OK  [0m] Stopped Raise network interfaces.
[[0;32m  OK  [0m] Stopped Apply Kernel Variables.
[[0;32m  OK  [0m] Stopped Load Kernel Modules.
[[0;32m  OK  [0m] Stopped target Network (Pre).
[[0;32m  OK  [0m] Stopped Initial cloud-init job (pre-networking).
[[0;32m  OK  [0m] Stopped target Local File Systems.
         Unmounting /vagrant...
         Unmounting /run/user/1000...
[[0;32m  OK  [0m] Unmounted /run/user/1000.
[[0;32m  OK  [0m] Unmounted /vagrant.
[[0;32m  OK  [0m] Reached target Unmount All Filesystems.
[[0;32m  OK  [0m] Stopped target Local File Systems (Pre).
[[0;32m  OK  [0m] Stopped Create Static Device Nodes in /dev.
[[0;32m  OK  [0m] Stopped Remount Root and Kernel File Systems.
[[0;32m  OK  [0m] Reached target Shutdown.
[   35.822365] reboot: Power down
